{
  "version": "1.5.0",
  "plugins_used": [
    {
      "name": "ArtifactoryDetector"
    },
    {
      "name": "AWSKeyDetector"
    },
    {
      "name": "AzureStorageKeyDetector"
    },
    {
      "name": "Base64HighEntropyString",
      "limit": 4.5
    },
    {
      "name": "BasicAuthDetector"
    },
    {
      "name": "CloudantDetector"
    },
    {
      "name": "DiscordBotTokenDetector"
    },
    {
      "name": "GitHubTokenDetector"
    },
    {
      "name": "GitLabTokenDetector"
    },
    {
      "name": "HexHighEntropyString",
      "limit": 3.0
    },
    {
      "name": "IbmCloudIamDetector"
    },
    {
      "name": "IbmCosHmacDetector"
    },
    {
      "name": "IPPublicDetector"
    },
    {
      "name": "JwtTokenDetector"
    },
    {
      "name": "KeywordDetector",
      "keyword_exclude": ""
    },
    {
      "name": "MailchimpDetector"
    },
    {
      "name": "NpmDetector"
    },
    {
      "name": "OpenAIDetector"
    },
    {
      "name": "PrivateKeyDetector"
    },
    {
      "name": "PypiTokenDetector"
    },
    {
      "name": "SendGridDetector"
    },
    {
      "name": "SlackDetector"
    },
    {
      "name": "SoftlayerDetector"
    },
    {
      "name": "SquareOAuthDetector"
    },
    {
      "name": "StripeDetector"
    },
    {
      "name": "TelegramBotTokenDetector"
    },
    {
      "name": "TwilioKeyDetector"
    }
  ],
  "filters_used": [
    {
      "path": "detect_secrets.filters.allowlist.is_line_allowlisted"
    },
    {
      "path": "detect_secrets.filters.common.is_baseline_file",
      "filename": ".secrets.baseline"
    },
    {
      "path": "detect_secrets.filters.common.is_ignored_due_to_verification_policies",
      "min_level": 2
    },
    {
      "path": "detect_secrets.filters.heuristic.is_indirect_reference"
    },
    {
      "path": "detect_secrets.filters.heuristic.is_likely_id_string"
    },
    {
      "path": "detect_secrets.filters.heuristic.is_lock_file"
    },
    {
      "path": "detect_secrets.filters.heuristic.is_not_alphanumeric_string"
    },
    {
      "path": "detect_secrets.filters.heuristic.is_potential_uuid"
    },
    {
      "path": "detect_secrets.filters.heuristic.is_prefixed_with_dollar_sign"
    },
    {
      "path": "detect_secrets.filters.heuristic.is_sequential_string"
    },
    {
      "path": "detect_secrets.filters.heuristic.is_swagger_file"
    },
    {
      "path": "detect_secrets.filters.heuristic.is_templated_secret"
    },
    {
      "path": "detect_secrets.filters.regex.should_exclude_file",
      "pattern": [
        "^\\.secrets\\.baseline$"
      ]
    }
  ],
  "results": {
    "lib/gofr-common/docker/start-seq-prod.sh": [
      {
        "type": "Secret Keyword",
        "filename": "lib/gofr-common/docker/start-seq-prod.sh",
        "hashed_secret": "272a241d3bf198414d5250b19275d178599e2db6",
        "is_verified": false,
        "line_number": 38
      }
    ],
    "lib/gofr-common/docs/auth/secrets_sharing_proposal.md": [
      {
        "type": "Secret Keyword",
        "filename": "lib/gofr-common/docs/auth/secrets_sharing_proposal.md",
        "hashed_secret": "d4eb96c2f28cee3a58d4a64aebb4fb01e004c6e7",
        "is_verified": false,
        "line_number": 226
      },
      {
        "type": "Secret Keyword",
        "filename": "lib/gofr-common/docs/auth/secrets_sharing_proposal.md",
        "hashed_secret": "dec8e2502b67e5b1da5c1b6590aaf2a9fe2ffb55",
        "is_verified": false,
        "line_number": 252
      }
    ],
    "lib/gofr-common/scripts/run-dev-master.sh": [
      {
        "type": "Secret Keyword",
        "filename": "lib/gofr-common/scripts/run-dev-master.sh",
        "hashed_secret": "d4eb96c2f28cee3a58d4a64aebb4fb01e004c6e7",
        "is_verified": false,
        "line_number": 112
      }
    ],
    "lib/gofr-common/scripts/run_tests.sh": [
      {
        "type": "Secret Keyword",
        "filename": "lib/gofr-common/scripts/run_tests.sh",
        "hashed_secret": "70cfc0e78e1554faae56c23457efee05f642b9ac",
        "is_verified": false,
        "line_number": 88
      }
    ],
    "lib/gofr-common/src/gofr_common/auth/readme.md": [
      {
        "type": "Secret Keyword",
        "filename": "lib/gofr-common/src/gofr_common/auth/readme.md",
        "hashed_secret": "29c32f233d04598b3181c0e27ea0ec7a5c949297",
        "is_verified": false,
        "line_number": 283
      },
      {
        "type": "Secret Keyword",
        "filename": "lib/gofr-common/src/gofr_common/auth/readme.md",
        "hashed_secret": "d4e0e04792fd434b5dc9c4155c178f66edcf4ed3",
        "is_verified": false,
        "line_number": 344
      }
    ],
    "lib/gofr-common/src/gofr_common/auth/service.py": [
      {
        "type": "Secret Keyword",
        "filename": "lib/gofr-common/src/gofr_common/auth/service.py",
        "hashed_secret": "9aa74ae78909016df5c6e3cb07ac8c55e76628bb",
        "is_verified": false,
        "line_number": 105
      }
    ],
    "lib/gofr-common/src/gofr_common/auth/token_service.py": [
      {
        "type": "Secret Keyword",
        "filename": "lib/gofr-common/src/gofr_common/auth/token_service.py",
        "hashed_secret": "9aa74ae78909016df5c6e3cb07ac8c55e76628bb",
        "is_verified": false,
        "line_number": 84
      }
    ],
    "lib/gofr-common/tests/test_auth.py": [
      {
        "type": "Secret Keyword",
        "filename": "lib/gofr-common/tests/test_auth.py",
        "hashed_secret": "d4e0e04792fd434b5dc9c4155c178f66edcf4ed3",
        "is_verified": false,
        "line_number": 112
      },
      {
        "type": "Secret Keyword",
        "filename": "lib/gofr-common/tests/test_auth.py",
        "hashed_secret": "8a8281cec699f5e51330e21dd7fab3531af6ef0c",
        "is_verified": false,
        "line_number": 117
      },
      {
        "type": "Secret Keyword",
        "filename": "lib/gofr-common/tests/test_auth.py",
        "hashed_secret": "fe1bae27cb7c1fb823f496f286e78f1d2ae87734",
        "is_verified": false,
        "line_number": 119
      }
    ],
    "lib/gofr-common/tests/test_config.py": [
      {
        "type": "Secret Keyword",
        "filename": "lib/gofr-common/tests/test_config.py",
        "hashed_secret": "19a4d55f26cb700d093f88a74673e357130062fb",
        "is_verified": false,
        "line_number": 107
      },
      {
        "type": "Secret Keyword",
        "filename": "lib/gofr-common/tests/test_config.py",
        "hashed_secret": "c97d93376e0d57881ff2f1b13aec2e4da2abc96c",
        "is_verified": false,
        "line_number": 126
      },
      {
        "type": "Secret Keyword",
        "filename": "lib/gofr-common/tests/test_config.py",
        "hashed_secret": "fe1bae27cb7c1fb823f496f286e78f1d2ae87734",
        "is_verified": false,
        "line_number": 139
      }
    ],
    "scripts/run-dev-container.sh": [
      {
        "type": "Secret Keyword",
        "filename": "scripts/run-dev-container.sh",
        "hashed_secret": "d4eb96c2f28cee3a58d4a64aebb4fb01e004c6e7",
        "is_verified": false,
        "line_number": 113
      }
    ]
  },
  "generated_at": "2026-05-23T03:18:06Z"
}
